{
  "data": {
    "createCustomer": {
      "payload": {
        "name": "Reza Rahmati"
      }
    }
  }
}