{
  "data": {
    "updateCustomer": {
      "payload": {
        "name": "Chad Ormond",
        "status": "ACTIVE"
      }
    }
  }
}